TAP version 13
# Subtest: accepts the real BIZQ-01 replacement proof while preserving current and historical counts
ok 1 - accepts the real BIZQ-01 replacement proof while preserving current and historical counts
  ---
  duration_ms: 2421.729833
  type: 'test'
  ...
# Subtest: keeps the original migration verifier behavior when no BIZQ proof is present
ok 2 - keeps the original migration verifier behavior when no BIZQ proof is present
  ---
  duration_ms: 512.592125
  type: 'test'
  ...
# Subtest: rejects changes to a current replacement and its frozen old object
ok 3 - rejects changes to a current replacement and its frozen old object
  ---
  duration_ms: 974.011792
  type: 'test'
  ...
# Subtest: rejects stale batch identity, duplicate mappings, and a missing replacement
ok 4 - rejects stale batch identity, duplicate mappings, and a missing replacement
  ---
  duration_ms: 1796.455458
  type: 'test'
  ...
# Subtest: rejects changes to an unrelated item in the proven current track
ok 5 - rejects changes to an unrelated item in the proven current track
  ---
  duration_ms: 466.014958
  type: 'test'
  ...
# Subtest: accepts only the real same-ID Coding wording correction alongside the unchanged BESD proof
ok 6 - accepts only the real same-ID Coding wording correction alongside the unchanged BESD proof
  ---
  duration_ms: 1214.218042
  type: 'test'
  ...
# Subtest: rejects the same-ID correction without its proof and rejects tampered frozen old objects
ok 7 - rejects the same-ID correction without its proof and rejects tampered frozen old objects
  ---
  duration_ms: 1227.233541
  type: 'test'
  ...
# Subtest: rejects unapproved wording, answer, options, feedback and taxonomy changes in the corrected source
ok 8 - rejects unapproved wording, answer, options, feedback and taxonomy changes in the corrected source
  ---
  duration_ms: 3622.691292
  type: 'test'
  ...
# Subtest: rejects stale Coding version, proof identity/hashes/source location and unexpected proof fields
ok 9 - rejects stale Coding version, proof identity/hashes/source location and unexpected proof fields
  ---
  duration_ms: 3867.731833
  type: 'test'
  ...
# Subtest: same-ID source correction changes only the three reviewed texts and preserves all other mental-unit items
ok 10 - same-ID source correction changes only the three reviewed texts and preserves all other mental-unit items
  ---
  duration_ms: 13.291042
  type: 'test'
  ...
# Subtest: canonical single-track builder carries the exact corrected object and new immutable content identity
ok 11 - canonical single-track builder carries the exact corrected object and new immutable content identity
  ---
  duration_ms: 269.2465
  type: 'test'
  ...
1..11
# tests 11
# suites 0
# pass 11
# fail 0
# cancelled 0
# skipped 0
# todo 0
# duration_ms 16283.664334
