TAP version 13
# Subtest: accepts the real BIZQ-01 replacement proof while preserving current and historical counts
ok 1 - accepts the real BIZQ-01 replacement proof while preserving current and historical counts
  ---
  duration_ms: 2484.639125
  type: 'test'
  ...
# Subtest: keeps the original migration verifier behavior when no BIZQ proof is present
ok 2 - keeps the original migration verifier behavior when no BIZQ proof is present
  ---
  duration_ms: 513.130125
  type: 'test'
  ...
# Subtest: rejects changes to a current replacement and its frozen old object
ok 3 - rejects changes to a current replacement and its frozen old object
  ---
  duration_ms: 969.413541
  type: 'test'
  ...
# Subtest: rejects stale batch identity, duplicate mappings, and a missing replacement
ok 4 - rejects stale batch identity, duplicate mappings, and a missing replacement
  ---
  duration_ms: 1802.565292
  type: 'test'
  ...
# Subtest: rejects changes to an unrelated item in the proven current track
ok 5 - rejects changes to an unrelated item in the proven current track
  ---
  duration_ms: 468.624083
  type: 'test'
  ...
# Subtest: accepts only the real same-ID Coding wording correction alongside the unchanged BESD proof
ok 6 - accepts only the real same-ID Coding wording correction alongside the unchanged BESD proof
  ---
  duration_ms: 1222.14775
  type: 'test'
  ...
# Subtest: rejects the same-ID correction without its proof and rejects tampered frozen old objects
ok 7 - rejects the same-ID correction without its proof and rejects tampered frozen old objects
  ---
  duration_ms: 1239.9415
  type: 'test'
  ...
# Subtest: rejects unapproved wording, answer, options, feedback and taxonomy changes in the corrected source
ok 8 - rejects unapproved wording, answer, options, feedback and taxonomy changes in the corrected source
  ---
  duration_ms: 3639.837959
  type: 'test'
  ...
# Subtest: rejects stale Coding version, proof identity/hashes/source location and unexpected proof fields
ok 9 - rejects stale Coding version, proof identity/hashes/source location and unexpected proof fields
  ---
  duration_ms: 3907.017042
  type: 'test'
  ...
# Subtest: rejects a corrected source moved away from its canonical mental-unit filename
ok 10 - rejects a corrected source moved away from its canonical mental-unit filename
  ---
  duration_ms: 114.970916
  type: 'test'
  ...
# Subtest: rejects unreviewed primary-source pages even under the same publisher domain
ok 11 - rejects unreviewed primary-source pages even under the same publisher domain
  ---
  duration_ms: 523.883458
  type: 'test'
  ...
# Subtest: same-ID source correction changes only the three reviewed texts and preserves all other mental-unit items
ok 12 - same-ID source correction changes only the three reviewed texts and preserves all other mental-unit items
  ---
  duration_ms: 11.444708
  type: 'test'
  ...
# Subtest: canonical single-track builder carries the exact corrected object and new immutable content identity
ok 13 - canonical single-track builder carries the exact corrected object and new immutable content identity
  ---
  duration_ms: 261.100708
  type: 'test'
  ...
1..13
# tests 13
# suites 0
# pass 13
# fail 0
# cancelled 0
# skipped 0
# todo 0
# duration_ms 17076.101542
