TAP version 13
# Subtest: BIZQ-01 changed items keep concrete learner constraints and one scoreable authored answer
ok 1 - BIZQ-01 changed items keep concrete learner constraints and one scoreable authored answer
  ---
  duration_ms: 5.181125
  type: 'test'
  ...
# Subtest: BIZQ-01 canonical builder carries the exact batch and new content identity
ok 2 - BIZQ-01 canonical builder carries the exact batch and new content identity
  ---
  duration_ms: 273.737167
  type: 'test'
  ...
# Subtest: BIZQ-01 advisory console distinguishes corrected batch from remaining warnings
ok 3 - BIZQ-01 advisory console distinguishes corrected batch from remaining warnings
  ---
  duration_ms: 742.233083
  type: 'test'
  ...
# Subtest: active canonical ingress has no legacy publisher and historical references are verifier-only
ok 4 - active canonical ingress has no legacy publisher and historical references are verifier-only
  ---
  duration_ms: 14.295792
  type: 'test'
  ...
# Subtest: each catalogued track validates, tests and builds independently
ok 5 - each catalogued track validates, tests and builds independently
  ---
  duration_ms: 100.123583
  type: 'test'
  ...
# Subtest: build-all emits exactly nine deterministic artifacts and lock entries
ok 6 - build-all emits exactly nine deterministic artifacts and lock entries
  ---
  duration_ms: 50.7235
  type: 'test'
  ...
# Subtest: GCP simulation profile binds a complete unambiguous node map to the same-version published artifact
ok 7 - GCP simulation profile binds a complete unambiguous node map to the same-version published artifact
  ---
  duration_ms: 471.484625
  type: 'test'
  ...
# Subtest: Coding Interview simulation profile emits the blueprint and exact checksum-verified pool identities
ok 8 - Coding Interview simulation profile emits the blueprint and exact checksum-verified pool identities
  ---
  duration_ms: 369.715333
  type: 'test'
  ...
# Subtest: malformed Coding Interview simulation blueprint fails closed
ok 9 - malformed Coding Interview simulation blueprint fails closed
  ---
  duration_ms: 110.657166
  type: 'test'
  ...
# Subtest: Coding Interview simulation selection policies reject stale pools and invalid identities
ok 10 - Coding Interview simulation selection policies reject stale pools and invalid identities
  ---
  duration_ms: 824.202333
  type: 'test'
  ...
# Subtest: Design Interview simulation profiles emit one strict text-response case per track
ok 11 - Design Interview simulation profiles emit one strict text-response case per track
  ---
  duration_ms: 1012.749917
  type: 'test'
  ...
# Subtest: Design simulation availability requires the canonical text profile and does not imply question-bank capacity
ok 12 - Design simulation availability requires the canonical text profile and does not imply question-bank capacity
  ---
  duration_ms: 9.9235
  type: 'test'
  ...
# Subtest: malformed Design Interview simulation sources fail closed
ok 13 - malformed Design Interview simulation sources fail closed
  ---
  duration_ms: 9.541917
  type: 'test'
  ...
# Subtest: malformed present GCP simulation profile fails closed on incomplete node coverage
ok 14 - malformed present GCP simulation profile fails closed on incomplete node coverage
  ---
  duration_ms: 115.646
  type: 'test'
  ...
# Subtest: existing GCP artifact rejects malformed profile even when its lock SHA is recomputed
ok 15 - existing GCP artifact rejects malformed profile even when its lock SHA is recomputed
  ---
  duration_ms: 839.263917
  type: 'test'
  ...
# Subtest: existing GCP artifact rejects a legal but source-inconsistent node domain when its lock SHA is recomputed
ok 16 - existing GCP artifact rejects a legal but source-inconsistent node domain when its lock SHA is recomputed
  ---
  duration_ms: 464.592166
  type: 'test'
  ...
# Subtest: ACC-02 Candidate Manifest retains its exact nine-track identity against frozen baseline and migration manifest
ok 17 - ACC-02 Candidate Manifest retains its exact nine-track identity against frozen baseline and migration manifest
  ---
  duration_ms: 0.249875
  type: 'test'
  ...
# Subtest: canonical JSON sorts recursive object keys without reordering arrays
ok 18 - canonical JSON sorts recursive object keys without reordering arrays
  ---
  duration_ms: 0.045125
  type: 'test'
  ...
# Subtest: mutating one track does not rewrite another artifact or lock entry
ok 19 - mutating one track does not rewrite another artifact or lock entry
  ---
  duration_ms: 20.035042
  type: 'test'
  ...
# Subtest: builder rejects missing, empty, unknown and malformed inputs
ok 20 - builder rejects missing, empty, unknown and malformed inputs
  ---
  duration_ms: 3.367084
  type: 'test'
  ...
# Subtest: builder requires each mental-unit source file to be a non-empty question array
ok 21 - builder requires each mental-unit source file to be a non-empty question array
  ---
  duration_ms: 2.210375
  type: 'test'
  ...
# Subtest: builder rejects path identity, foreign track, duplicate and invalid questions
ok 22 - builder rejects path identity, foreign track, duplicate and invalid questions
  ---
  duration_ms: 5.131458
  type: 'test'
  ...
# Subtest: existing malformed lock is rejected before a single-track build
ok 23 - existing malformed lock is rejected before a single-track build
  ---
  duration_ms: 1.922042
  type: 'test'
  ...
# Subtest: source discovery rejects a symlinked track, node directory, or question file
ok 24 - source discovery rejects a symlinked track, node directory, or question file
  ---
  duration_ms: 4.34375
  type: 'test'
  ...
# Subtest: a tampered existing artifact blocks another track before any write
ok 25 - a tampered existing artifact blocks another track before any write
  ---
  duration_ms: 10.57375
  type: 'test'
  ...
# Subtest: single-track build rejects orphan artifacts and temporary outputs before writing any target
ok 26 - single-track build rejects orphan artifacts and temporary outputs before writing any target
  ---
  duration_ms: 4.632667
  type: 'test'
  ...
# Subtest: single-track build rejects a symlinked output root without external writes
ok 27 - single-track build rejects a symlinked output root without external writes
  ---
  duration_ms: 2.178125
  type: 'test'
  ...
# Subtest: single-track output commit rolls back both files on an injected second rename failure
ok 28 - single-track output commit rolls back both files on an injected second rename failure
  ---
  duration_ms: 5.437583
  type: 'test'
  ...
# Subtest: build-all stages and rolls back the complete new output set on rename failure
ok 29 - build-all stages and rolls back the complete new output set on rename failure
  ---
  duration_ms: 16.549792
  type: 'test'
  ...
# Subtest: CLI parser requires track for single-track commands and rejects it for build-all
ok 30 - CLI parser requires track for single-track commands and rejects it for build-all
  ---
  duration_ms: 0.220834
  type: 'test'
  ...
# Subtest: CLI executes a hermetic single-track validate/test/build
ok 31 - CLI executes a hermetic single-track validate/test/build
  ---
  duration_ms: 208.990417
  type: 'test'
  ...
# Subtest: catalog is the exact nine-track SIMP-01 catalog
ok 32 - catalog is the exact nine-track SIMP-01 catalog
  ---
  duration_ms: 1.783125
  type: 'test'
  ...
# Subtest: fixture validates as one family-neutral contract
ok 33 - fixture validates as one family-neutral contract
  ---
  duration_ms: 1.111375
  type: 'test'
  ...
# Subtest: schema documents five disjoint interaction branches
ok 34 - schema documents five disjoint interaction branches
  ---
  duration_ms: 0.324959
  type: 'test'
  ...
# Subtest: Draft 2020-12 schema rejects feedback type mismatches in every variant
ok 35 - Draft 2020-12 schema rejects feedback type mismatches in every variant
  ---
  duration_ms: 162.534833
  type: 'test'
  ...
# Subtest: Draft 2020-12 schema agrees with runtime on padded and whitespace-only learner text
ok 36 - Draft 2020-12 schema agrees with runtime on padded and whitespace-only learner text
  ---
  duration_ms: 121.373666
  type: 'test'
  ...
# Subtest: Draft 2020-12 schema and runtime agree on explicit learner whitespace code points
ok 37 - Draft 2020-12 schema and runtime agree on explicit learner whitespace code points
  ---
  duration_ms: 152.562208
  type: 'test'
  ...
# Subtest: Draft 2020-12 schema and runtime keep identity metadata trim-clean for explicit whitespace
ok 38 - Draft 2020-12 schema and runtime keep identity metadata trim-clean for explicit whitespace
  ---
  duration_ms: 374.754875
  type: 'test'
  ...
# Subtest: all five correct answers are scoreable
ok 39 - all five correct answers are scoreable
  ---
  duration_ms: 0.710542
  type: 'test'
  ...
# Subtest: choice_single scores correct, wrong and empty responses
ok 40 - choice_single scores correct, wrong and empty responses
  ---
  duration_ms: 0.436042
  type: 'test'
  ...
# Subtest: choice_multiple preserves valid partial points and gives zero for any wrong selection
ok 41 - choice_multiple preserves valid partial points and gives zero for any wrong selection
  ---
  duration_ms: 0.853458
  type: 'test'
  ...
# Subtest: multiple-choice wrong selections and empty response earn zero independently of app parity
ok 42 - multiple-choice wrong selections and empty response earn zero independently of app parity
  ---
  duration_ms: 0.623
  type: 'test'
  ...
# Subtest: ordering scores exact adjacent relations and incomplete answers
ok 43 - ordering scores exact adjacent relations and incomplete answers
  ---
  duration_ms: 0.198792
  type: 'test'
  ...
# Subtest: complexity scores every dimension and distinguishes missing values
ok 44 - complexity scores every dimension and distinguishes missing values
  ---
  duration_ms: 0.496
  type: 'test'
  ...
# Subtest: decision_matrix scores every dimension independently
ok 45 - decision_matrix scores every dimension independently
  ---
  duration_ms: 0.152667
  type: 'test'
  ...
# Subtest: validator rejects missing identity and all family aliases
ok 46 - validator rejects missing identity and all family aliases
  ---
  duration_ms: 0.216667
  type: 'test'
  ...
# Subtest: learner text preserves surrounding whitespace while identity stays trim-clean
ok 47 - learner text preserves surrounding whitespace while identity stays trim-clean
  ---
  duration_ms: 0.147667
  type: 'test'
  ...
# Subtest: learner text rejects whitespace-only values in every canonical learner surface
ok 48 - learner text rejects whitespace-only values in every canonical learner surface
  ---
  duration_ms: 0.3425
  type: 'test'
  ...
# Subtest: validator permits internal newlines that the schema pattern explicitly permits
ok 49 - validator permits internal newlines that the schema pattern explicitly permits
  ---
  duration_ms: 0.053625
  type: 'test'
  ...
# Subtest: scoring rejects additional response keys and mismatched response types for every variant
ok 50 - scoring rejects additional response keys and mismatched response types for every variant
  ---
  duration_ms: 0.3435
  type: 'test'
  ...
# Subtest: validator rejects extra fields and duplicate option/element/dimension IDs
ok 51 - validator rejects extra fields and duplicate option/element/dimension IDs
  ---
  duration_ms: 0.173459
  type: 'test'
  ...
# Subtest: validator rejects mismatched variants and foreign references
ok 52 - validator rejects mismatched variants and foreign references
  ---
  duration_ms: 0.151542
  type: 'test'
  ...
# Subtest: feedback messages are optional when no source map exists
ok 53 - feedback messages are optional when no source map exists
  ---
  duration_ms: 0.259
  type: 'test'
  ...
# Subtest: fixture validator rejects a track outside the exact catalog
ok 54 - fixture validator rejects a track outside the exact catalog
  ---
  duration_ms: 0.380542
  type: 'test'
  ...
# Subtest: oracle covers every single-choice option
ok 55 - oracle covers every single-choice option
  ---
  duration_ms: 1.465583
  type: 'test'
  ...
# Subtest: oracle covers every multiple-choice subset, including empty and all-selected
ok 56 - oracle covers every multiple-choice subset, including empty and all-selected
  ---
  duration_ms: 0.954083
  type: 'test'
  ...
# Subtest: oracle freezes adjacent-relation ordering semantics
ok 57 - oracle freezes adjacent-relation ordering semantics
  ---
  duration_ms: 0.414
  type: 'test'
  ...
# Subtest: oracle covers accepted, wrong, alias and missing dimension values
ok 58 - oracle covers accepted, wrong, alias and missing dimension values
  ---
  duration_ms: 0.91125
  type: 'test'
  ...
# Subtest: canonical answers retain the complete accepted set for multi-accepted complexity
ok 59 - canonical answers retain the complete accepted set for multi-accepted complexity
  ---
  duration_ms: 1.728792
  type: 'test'
  ...
# Subtest: details remain arbitrary exact JSON, difficulty may be null, and aliases stay complexity-only
ok 60 - details remain arbitrary exact JSON, difficulty may be null, and aliases stay complexity-only
  ---
  duration_ms: 0.217833
  type: 'test'
  ...
# Subtest: verifies the complete canonical tree and durable evidence without external inputs
ok 61 - verifies the complete canonical tree and durable evidence without external inputs
  ---
  duration_ms: 1532.791208
  type: 'test'
  ...
# Subtest: rejects canonical question tampering without changing evidence
ok 62 - rejects canonical question tampering without changing evidence
  ---
  duration_ms: 635.214167
  type: 'test'
  ...
# Subtest: rejects evidence hash tampering and missing membership
ok 63 - rejects evidence hash tampering and missing membership
  ---
  duration_ms: 940.24625
  type: 'test'
  ...
# Subtest: rejects symlinked canonical paths before following them
ok 64 - rejects symlinked canonical paths before following them
  ---
  duration_ms: 367.27975
  type: 'test'
  ...
# Subtest: rejects a content root reached through a symlinked ancestor
ok 65 - rejects a content root reached through a symlinked ancestor
  ---
  duration_ms: 438.7
  type: 'test'
  ...
# Subtest: has no dependency on ephemeral output or the migration writer
ok 66 - has no dependency on ephemeral output or the migration writer
  ---
  duration_ms: 0.413041
  type: 'test'
  ...
1..66
# tests 66
# suites 0
# pass 66
# fail 0
# cancelled 0
# skipped 0
# todo 0
# duration_ms 4805.750291
