TAP version 13
# Subtest: BIZQ-01 changed items keep concrete learner constraints and one scoreable authored answer
ok 1 - BIZQ-01 changed items keep concrete learner constraints and one scoreable authored answer
  ---
  duration_ms: 4.477958
  type: 'test'
  ...
# Subtest: BIZQ-01 canonical builder carries the exact batch and new content identity
ok 2 - BIZQ-01 canonical builder carries the exact batch and new content identity
  ---
  duration_ms: 331.808416
  type: 'test'
  ...
# Subtest: BIZQ-01 advisory console distinguishes corrected batch from remaining warnings
ok 3 - BIZQ-01 advisory console distinguishes corrected batch from remaining warnings
  ---
  duration_ms: 1072.672084
  type: 'test'
  ...
# Subtest: active canonical ingress has no legacy publisher and historical references are verifier-only
ok 4 - active canonical ingress has no legacy publisher and historical references are verifier-only
  ---
  duration_ms: 21.130583
  type: 'test'
  ...
# Subtest: each catalogued track validates, tests and builds independently
ok 5 - each catalogued track validates, tests and builds independently
  ---
  duration_ms: 142.150458
  type: 'test'
  ...
# Subtest: build-all emits exactly nine deterministic artifacts and lock entries
ok 6 - build-all emits exactly nine deterministic artifacts and lock entries
  ---
  duration_ms: 85.681125
  type: 'test'
  ...
# Subtest: GCP simulation profile binds a complete unambiguous node map to the same-version published artifact
ok 7 - GCP simulation profile binds a complete unambiguous node map to the same-version published artifact
  ---
  duration_ms: 619.188375
  type: 'test'
  ...
# Subtest: Coding Interview simulation profile emits the blueprint and exact checksum-verified pool identities
ok 8 - Coding Interview simulation profile emits the blueprint and exact checksum-verified pool identities
  ---
  duration_ms: 566.489667
  type: 'test'
  ...
# Subtest: malformed Coding Interview simulation blueprint fails closed
ok 9 - malformed Coding Interview simulation blueprint fails closed
  ---
  duration_ms: 167.546209
  type: 'test'
  ...
# Subtest: Coding Interview simulation selection policies reject stale pools and invalid identities
not ok 10 - Coding Interview simulation selection policies reject stale pools and invalid identities
  ---
  duration_ms: 183.072625
  type: 'test'
  location: '/Users/lukaszkurczab/Desktop/Projects/Patternly/patternly-content/tests/content-builder.test.mjs:222:1'
  failureType: 'testCodeFailure'
  error: "ENOENT: no such file or directory, open '/Users/lukaszkurczab/Desktop/Projects/Patternly/patternly-content/artifacts/tracks/coding-interview-dsa-problem-solving/coding-interview-dsa-problem-solving-authoring-v2026.10.02-bizq01-04/track-artifact.json'"
  code: 'ENOENT'
  stack: |-
    async open (node:internal/fs/promises:639:25)
    async readFile (node:internal/fs/promises:1249:14)
    async TestContext.<anonymous> (file:///Users/lukaszkurczab/Desktop/Projects/Patternly/patternly-content/tests/content-builder.test.mjs:226:33)
    async Test.run (node:internal/test_runner/test:1054:7)
    async Test.processPendingSubtests (node:internal/test_runner/test:744:7)
  ...
# Subtest: Design Interview simulation profiles emit one strict text-response case per track
ok 11 - Design Interview simulation profiles emit one strict text-response case per track
  ---
  duration_ms: 1004.516542
  type: 'test'
  ...
# Subtest: Design simulation availability requires the canonical text profile and does not imply question-bank capacity
ok 12 - Design simulation availability requires the canonical text profile and does not imply question-bank capacity
  ---
  duration_ms: 17.167083
  type: 'test'
  ...
# Subtest: malformed Design Interview simulation sources fail closed
ok 13 - malformed Design Interview simulation sources fail closed
  ---
  duration_ms: 11.8035
  type: 'test'
  ...
# Subtest: malformed present GCP simulation profile fails closed on incomplete node coverage
ok 14 - malformed present GCP simulation profile fails closed on incomplete node coverage
  ---
  duration_ms: 139.652291
  type: 'test'
  ...
# Subtest: existing GCP artifact rejects malformed profile even when its lock SHA is recomputed
ok 15 - existing GCP artifact rejects malformed profile even when its lock SHA is recomputed
  ---
  duration_ms: 906.078834
  type: 'test'
  ...
# Subtest: existing GCP artifact rejects a legal but source-inconsistent node domain when its lock SHA is recomputed
ok 16 - existing GCP artifact rejects a legal but source-inconsistent node domain when its lock SHA is recomputed
  ---
  duration_ms: 519.340542
  type: 'test'
  ...
# Subtest: ACC-02 Candidate Manifest retains its exact nine-track identity against frozen baseline and migration manifest
not ok 17 - ACC-02 Candidate Manifest retains its exact nine-track identity against frozen baseline and migration manifest
  ---
  duration_ms: 1.010916
  type: 'test'
  location: '/Users/lukaszkurczab/Desktop/Projects/Patternly/patternly-content/tests/content-builder.test.mjs:435:1'
  failureType: 'testCodeFailure'
  error: |-
    coding-interview-dsa-problem-solving
    + actual - expected

    + 'coding-interview-dsa-problem-solving-authoring-v2026.10.02-bizq01-04'
    - 'coding-interview-dsa-problem-solving-0004'

  code: 'ERR_ASSERTION'
  name: 'AssertionError'
  expected: 'coding-interview-dsa-problem-solving-0004'
  actual: 'coding-interview-dsa-problem-solving-authoring-v2026.10.02-bizq01-04'
  operator: 'strictEqual'
  stack: |-
    TestContext.<anonymous> (file:///Users/lukaszkurczab/Desktop/Projects/Patternly/patternly-content/tests/content-builder.test.mjs:467:14)
    Test.runInAsyncScope (node:async_hooks:214:14)
    Test.run (node:internal/test_runner/test:1047:25)
    Test.processPendingSubtests (node:internal/test_runner/test:744:18)
    Test.postRun (node:internal/test_runner/test:1173:19)
    Test.run (node:internal/test_runner/test:1101:12)
    async Test.processPendingSubtests (node:internal/test_runner/test:744:7)
  ...
# Subtest: canonical JSON sorts recursive object keys without reordering arrays
ok 18 - canonical JSON sorts recursive object keys without reordering arrays
  ---
  duration_ms: 0.081083
  type: 'test'
  ...
# Subtest: mutating one track does not rewrite another artifact or lock entry
ok 19 - mutating one track does not rewrite another artifact or lock entry
  ---
  duration_ms: 23.489667
  type: 'test'
  ...
# Subtest: builder rejects missing, empty, unknown and malformed inputs
ok 20 - builder rejects missing, empty, unknown and malformed inputs
  ---
  duration_ms: 4.305583
  type: 'test'
  ...
# Subtest: builder requires each mental-unit source file to be a non-empty question array
ok 21 - builder requires each mental-unit source file to be a non-empty question array
  ---
  duration_ms: 3.320333
  type: 'test'
  ...
# Subtest: builder rejects path identity, foreign track, duplicate and invalid questions
ok 22 - builder rejects path identity, foreign track, duplicate and invalid questions
  ---
  duration_ms: 7.793041
  type: 'test'
  ...
# Subtest: existing malformed lock is rejected before a single-track build
ok 23 - existing malformed lock is rejected before a single-track build
  ---
  duration_ms: 2.542833
  type: 'test'
  ...
# Subtest: source discovery rejects a symlinked track, node directory, or question file
ok 24 - source discovery rejects a symlinked track, node directory, or question file
  ---
  duration_ms: 4.963542
  type: 'test'
  ...
# Subtest: a tampered existing artifact blocks another track before any write
ok 25 - a tampered existing artifact blocks another track before any write
  ---
  duration_ms: 15.647083
  type: 'test'
  ...
# Subtest: single-track build rejects orphan artifacts and temporary outputs before writing any target
ok 26 - single-track build rejects orphan artifacts and temporary outputs before writing any target
  ---
  duration_ms: 6.879458
  type: 'test'
  ...
# Subtest: single-track build rejects a symlinked output root without external writes
ok 27 - single-track build rejects a symlinked output root without external writes
  ---
  duration_ms: 3.574125
  type: 'test'
  ...
# Subtest: single-track output commit rolls back both files on an injected second rename failure
ok 28 - single-track output commit rolls back both files on an injected second rename failure
  ---
  duration_ms: 7.913875
  type: 'test'
  ...
# Subtest: build-all stages and rolls back the complete new output set on rename failure
ok 29 - build-all stages and rolls back the complete new output set on rename failure
  ---
  duration_ms: 28.570042
  type: 'test'
  ...
# Subtest: CLI parser requires track for single-track commands and rejects it for build-all
ok 30 - CLI parser requires track for single-track commands and rejects it for build-all
  ---
  duration_ms: 0.314958
  type: 'test'
  ...
# Subtest: CLI executes a hermetic single-track validate/test/build
ok 31 - CLI executes a hermetic single-track validate/test/build
  ---
  duration_ms: 245.701291
  type: 'test'
  ...
# Subtest: catalog is the exact nine-track SIMP-01 catalog
ok 32 - catalog is the exact nine-track SIMP-01 catalog
  ---
  duration_ms: 1.973709
  type: 'test'
  ...
# Subtest: fixture validates as one family-neutral contract
ok 33 - fixture validates as one family-neutral contract
  ---
  duration_ms: 1.2425
  type: 'test'
  ...
# Subtest: schema documents five disjoint interaction branches
ok 34 - schema documents five disjoint interaction branches
  ---
  duration_ms: 0.497875
  type: 'test'
  ...
# Subtest: Draft 2020-12 schema rejects feedback type mismatches in every variant
ok 35 - Draft 2020-12 schema rejects feedback type mismatches in every variant
  ---
  duration_ms: 255.911917
  type: 'test'
  ...
# Subtest: Draft 2020-12 schema agrees with runtime on padded and whitespace-only learner text
ok 36 - Draft 2020-12 schema agrees with runtime on padded and whitespace-only learner text
  ---
  duration_ms: 130.708125
  type: 'test'
  ...
# Subtest: Draft 2020-12 schema and runtime agree on explicit learner whitespace code points
ok 37 - Draft 2020-12 schema and runtime agree on explicit learner whitespace code points
  ---
  duration_ms: 171.029417
  type: 'test'
  ...
# Subtest: Draft 2020-12 schema and runtime keep identity metadata trim-clean for explicit whitespace
ok 38 - Draft 2020-12 schema and runtime keep identity metadata trim-clean for explicit whitespace
  ---
  duration_ms: 413.385417
  type: 'test'
  ...
# Subtest: all five correct answers are scoreable
ok 39 - all five correct answers are scoreable
  ---
  duration_ms: 0.731417
  type: 'test'
  ...
# Subtest: choice_single scores correct, wrong and empty responses
ok 40 - choice_single scores correct, wrong and empty responses
  ---
  duration_ms: 0.4465
  type: 'test'
  ...
# Subtest: choice_multiple preserves valid partial points and gives zero for any wrong selection
ok 41 - choice_multiple preserves valid partial points and gives zero for any wrong selection
  ---
  duration_ms: 0.481125
  type: 'test'
  ...
# Subtest: multiple-choice wrong selections and empty response earn zero independently of app parity
ok 42 - multiple-choice wrong selections and empty response earn zero independently of app parity
  ---
  duration_ms: 1.276167
  type: 'test'
  ...
# Subtest: ordering scores exact adjacent relations and incomplete answers
ok 43 - ordering scores exact adjacent relations and incomplete answers
  ---
  duration_ms: 0.759834
  type: 'test'
  ...
# Subtest: complexity scores every dimension and distinguishes missing values
ok 44 - complexity scores every dimension and distinguishes missing values
  ---
  duration_ms: 0.6025
  type: 'test'
  ...
# Subtest: decision_matrix scores every dimension independently
ok 45 - decision_matrix scores every dimension independently
  ---
  duration_ms: 0.167542
  type: 'test'
  ...
# Subtest: validator rejects missing identity and all family aliases
ok 46 - validator rejects missing identity and all family aliases
  ---
  duration_ms: 0.219541
  type: 'test'
  ...
# Subtest: learner text preserves surrounding whitespace while identity stays trim-clean
ok 47 - learner text preserves surrounding whitespace while identity stays trim-clean
  ---
  duration_ms: 0.148166
  type: 'test'
  ...
# Subtest: learner text rejects whitespace-only values in every canonical learner surface
ok 48 - learner text rejects whitespace-only values in every canonical learner surface
  ---
  duration_ms: 0.365125
  type: 'test'
  ...
# Subtest: validator permits internal newlines that the schema pattern explicitly permits
ok 49 - validator permits internal newlines that the schema pattern explicitly permits
  ---
  duration_ms: 0.059958
  type: 'test'
  ...
# Subtest: scoring rejects additional response keys and mismatched response types for every variant
ok 50 - scoring rejects additional response keys and mismatched response types for every variant
  ---
  duration_ms: 0.357166
  type: 'test'
  ...
# Subtest: validator rejects extra fields and duplicate option/element/dimension IDs
ok 51 - validator rejects extra fields and duplicate option/element/dimension IDs
  ---
  duration_ms: 0.168209
  type: 'test'
  ...
# Subtest: validator rejects mismatched variants and foreign references
ok 52 - validator rejects mismatched variants and foreign references
  ---
  duration_ms: 0.180958
  type: 'test'
  ...
# Subtest: feedback messages are optional when no source map exists
ok 53 - feedback messages are optional when no source map exists
  ---
  duration_ms: 0.078875
  type: 'test'
  ...
# Subtest: fixture validator rejects a track outside the exact catalog
ok 54 - fixture validator rejects a track outside the exact catalog
  ---
  duration_ms: 0.685375
  type: 'test'
  ...
# Subtest: oracle covers every single-choice option
ok 55 - oracle covers every single-choice option
  ---
  duration_ms: 2.205458
  type: 'test'
  ...
# Subtest: oracle covers every multiple-choice subset, including empty and all-selected
not ok 56 - oracle covers every multiple-choice subset, including empty and all-selected
  ---
  duration_ms: 1.305708
  type: 'test'
  location: '/Users/lukaszkurczab/Desktop/Projects/Patternly/patternly-content/tests/simp03-phase-a.test.mjs:66:1'
  failureType: 'testCodeFailure'
  error: |-
    Expected values to be strictly equal:

    0 !== 1

  code: 'ERR_ASSERTION'
  name: 'AssertionError'
  expected: 1
  actual: 0
  operator: 'strictEqual'
  stack: |-
    assertMatchesReference (file:///Users/lukaszkurczab/Desktop/Projects/Patternly/patternly-content/tests/simp03-phase-a.test.mjs:56:10)
    TestContext.<anonymous> (file:///Users/lukaszkurczab/Desktop/Projects/Patternly/patternly-content/tests/simp03-phase-a.test.mjs:71:5)
    Test.runInAsyncScope (node:async_hooks:214:14)
    Test.run (node:internal/test_runner/test:1047:25)
    Test.processPendingSubtests (node:internal/test_runner/test:744:18)
    Test.postRun (node:internal/test_runner/test:1173:19)
    Test.run (node:internal/test_runner/test:1101:12)
    async startSubtestAfterBootstrap (node:internal/test_runner/harness:296:3)
  ...
# Subtest: oracle freezes adjacent-relation ordering semantics
ok 57 - oracle freezes adjacent-relation ordering semantics
  ---
  duration_ms: 0.582
  type: 'test'
  ...
# Subtest: oracle covers accepted, wrong, alias and missing dimension values
ok 58 - oracle covers accepted, wrong, alias and missing dimension values
  ---
  duration_ms: 1.710708
  type: 'test'
  ...
# Subtest: canonical answers retain the complete accepted set for multi-accepted complexity
ok 59 - canonical answers retain the complete accepted set for multi-accepted complexity
  ---
  duration_ms: 1.245042
  type: 'test'
  ...
# Subtest: details remain arbitrary exact JSON, difficulty may be null, and aliases stay complexity-only
ok 60 - details remain arbitrary exact JSON, difficulty may be null, and aliases stay complexity-only
  ---
  duration_ms: 0.45325
  type: 'test'
  ...
# Subtest: verifies the complete canonical tree and durable evidence without external inputs
ok 61 - verifies the complete canonical tree and durable evidence without external inputs
  ---
  duration_ms: 2165.12275
  type: 'test'
  ...
# Subtest: rejects canonical question tampering without changing evidence
ok 62 - rejects canonical question tampering without changing evidence
  ---
  duration_ms: 728.135709
  type: 'test'
  ...
# Subtest: rejects evidence hash tampering and missing membership
ok 63 - rejects evidence hash tampering and missing membership
  ---
  duration_ms: 1110.1675
  type: 'test'
  ...
# Subtest: rejects symlinked canonical paths before following them
ok 64 - rejects symlinked canonical paths before following them
  ---
  duration_ms: 513.203792
  type: 'test'
  ...
# Subtest: rejects a content root reached through a symlinked ancestor
ok 65 - rejects a content root reached through a symlinked ancestor
  ---
  duration_ms: 494.128667
  type: 'test'
  ...
# Subtest: has no dependency on ephemeral output or the migration writer
ok 66 - has no dependency on ephemeral output or the migration writer
  ---
  duration_ms: 0.40475
  type: 'test'
  ...
1..66
# tests 66
# suites 0
# pass 63
# fail 3
# cancelled 0
# skipped 0
# todo 0
# duration_ms 5201.539792
