TAP version 13
# Subtest: multiple-choice wrong selections and empty response earn zero independently of app parity
not ok 1 - multiple-choice wrong selections and empty response earn zero independently of app parity
  ---
  duration_ms: 3.278084
  type: 'test'
  location: '/Users/lukaszkurczab/Desktop/Projects/Patternly/patternly-content/tests/shared-contract.test.mjs:325:1'
  failureType: 'testCodeFailure'
  error: |-
    Expected values to be strictly deep-equal:
    + actual - expected

      [
    +   'partial',
    +   1,
    -   'incorrect',
    -   0,
        4
      ]

  code: 'ERR_ASSERTION'
  name: 'AssertionError'
  expected:
    0: 'incorrect'
    1: 0
    2: 4
  actual:
    0: 'partial'
    1: 1
    2: 4
  operator: 'deepStrictEqual'
  stack: |-
    TestContext.<anonymous> (file:///Users/lukaszkurczab/Desktop/Projects/Patternly/patternly-content/tests/shared-contract.test.mjs:332:12)
    Test.runInAsyncScope (node:async_hooks:214:14)
    Test.run (node:internal/test_runner/test:1047:25)
    Test.start (node:internal/test_runner/test:944:17)
    startSubtestAfterBootstrap (node:internal/test_runner/harness:296:17)
  ...
1..1
# tests 1
# suites 0
# pass 0
# fail 1
# cancelled 0
# skipped 0
# todo 0
# duration_ms 86.286541
