
> patternly-content@1.0.0 test:shared-contract
> node --test tests/shared-contract.test.mjs

TAP version 13
# Subtest: catalog is the exact nine-track SIMP-01 catalog
ok 1 - catalog is the exact nine-track SIMP-01 catalog
  ---
  duration_ms: 5.195
  type: 'test'
  ...
# Subtest: fixture validates as one family-neutral contract
ok 2 - fixture validates as one family-neutral contract
  ---
  duration_ms: 3.846208
  type: 'test'
  ...
# Subtest: schema documents five disjoint interaction branches
ok 3 - schema documents five disjoint interaction branches
  ---
  duration_ms: 5.178709
  type: 'test'
  ...
# Subtest: Draft 2020-12 schema rejects feedback type mismatches in every variant
ok 4 - Draft 2020-12 schema rejects feedback type mismatches in every variant
  ---
  duration_ms: 459.607875
  type: 'test'
  ...
# Subtest: Draft 2020-12 schema agrees with runtime on padded and whitespace-only learner text
ok 5 - Draft 2020-12 schema agrees with runtime on padded and whitespace-only learner text
  ---
  duration_ms: 145.758041
  type: 'test'
  ...
# Subtest: Draft 2020-12 schema and runtime agree on explicit learner whitespace code points
ok 6 - Draft 2020-12 schema and runtime agree on explicit learner whitespace code points
  ---
  duration_ms: 178.772042
  type: 'test'
  ...
# Subtest: Draft 2020-12 schema and runtime keep identity metadata trim-clean for explicit whitespace
ok 7 - Draft 2020-12 schema and runtime keep identity metadata trim-clean for explicit whitespace
  ---
  duration_ms: 386.447167
  type: 'test'
  ...
# Subtest: all five correct answers are scoreable
ok 8 - all five correct answers are scoreable
  ---
  duration_ms: 0.732083
  type: 'test'
  ...
# Subtest: choice_single scores correct, wrong and empty responses
ok 9 - choice_single scores correct, wrong and empty responses
  ---
  duration_ms: 0.439791
  type: 'test'
  ...
# Subtest: choice_multiple preserves valid partial points and gives zero for any wrong selection
ok 10 - choice_multiple preserves valid partial points and gives zero for any wrong selection
  ---
  duration_ms: 1.780333
  type: 'test'
  ...
# Subtest: multiple-choice wrong selections and empty response earn zero independently of app parity
ok 11 - multiple-choice wrong selections and empty response earn zero independently of app parity
  ---
  duration_ms: 0.654667
  type: 'test'
  ...
# Subtest: ordering scores exact adjacent relations and incomplete answers
ok 12 - ordering scores exact adjacent relations and incomplete answers
  ---
  duration_ms: 0.527791
  type: 'test'
  ...
# Subtest: complexity scores every dimension and distinguishes missing values
ok 13 - complexity scores every dimension and distinguishes missing values
  ---
  duration_ms: 0.547917
  type: 'test'
  ...
# Subtest: decision_matrix scores every dimension independently
ok 14 - decision_matrix scores every dimension independently
  ---
  duration_ms: 0.164166
  type: 'test'
  ...
# Subtest: validator rejects missing identity and all family aliases
ok 15 - validator rejects missing identity and all family aliases
  ---
  duration_ms: 0.223625
  type: 'test'
  ...
# Subtest: learner text preserves surrounding whitespace while identity stays trim-clean
ok 16 - learner text preserves surrounding whitespace while identity stays trim-clean
  ---
  duration_ms: 0.146667
  type: 'test'
  ...
# Subtest: learner text rejects whitespace-only values in every canonical learner surface
ok 17 - learner text rejects whitespace-only values in every canonical learner surface
  ---
  duration_ms: 0.352917
  type: 'test'
  ...
# Subtest: validator permits internal newlines that the schema pattern explicitly permits
ok 18 - validator permits internal newlines that the schema pattern explicitly permits
  ---
  duration_ms: 0.058083
  type: 'test'
  ...
# Subtest: scoring rejects additional response keys and mismatched response types for every variant
ok 19 - scoring rejects additional response keys and mismatched response types for every variant
  ---
  duration_ms: 0.355167
  type: 'test'
  ...
# Subtest: validator rejects extra fields and duplicate option/element/dimension IDs
ok 20 - validator rejects extra fields and duplicate option/element/dimension IDs
  ---
  duration_ms: 0.169708
  type: 'test'
  ...
# Subtest: validator rejects mismatched variants and foreign references
ok 21 - validator rejects mismatched variants and foreign references
  ---
  duration_ms: 0.386625
  type: 'test'
  ...
# Subtest: feedback messages are optional when no source map exists
ok 22 - feedback messages are optional when no source map exists
  ---
  duration_ms: 0.081292
  type: 'test'
  ...
# Subtest: fixture validator rejects a track outside the exact catalog
ok 23 - fixture validator rejects a track outside the exact catalog
  ---
  duration_ms: 0.458208
  type: 'test'
  ...
1..23
# tests 23
# suites 0
# pass 23
# fail 0
# cancelled 0
# skipped 0
# todo 0
# duration_ms 1395.998041
npm notice
npm notice New major version of npm available! 10.9.8 -> 12.2.0
npm notice Changelog: https://github.com/npm/cli/releases/tag/v12.2.0
npm notice To update run: npm install -g npm@12.2.0
npm notice
